/venv/main/lib/python3.12/site-packages/torch/jit/_script.py:1491: FutureWarning: `torch.jit.script` is deprecated. Please switch to `torch.compile` or `torch.export`.
  warnings.warn(
/venv/main/lib/python3.12/site-packages/torch/jit/_script.py:1491: FutureWarning: `torch.jit.script` is deprecated. Please switch to `torch.compile` or `torch.export`.
  warnings.warn(
base_quant=fp8_scaled: 256 ScaledFP8Linear modules, weights=float8_e4m3fn, per-tensor scales preserved, matmul=bf16
[krea2_native] dual-conditioning LoRA targets: 256 linears (224 in DiT blocks, 32 in text fusion)
trainable params: 228,524,032 || all params: 13,048,597,068 || trainable%: 1.7513
[W1001 07:49:53.806353193 CUDACachingAllocator.cpp:3934] memory allocation failed with OOM on device 0 while trying to allocate 1975517184 bytes (free: 972816384, total: 33670758400).
[W1001 07:49:53.822401564 CUDACachingAllocator.cpp:3934] memory allocation failed with OOM on device 0 while trying to allocate 1975517184 bytes (free: 303824896, total: 33670758400).
[W1001 07:49:53.822503577 CUDACachingAllocator.cpp:3934] memory allocation failed with OOM on device 0 while trying to allocate 1975517184 bytes (free: 303824896, total: 33670758400).
Traceback (most recent call last):
  File "/workspace/diffusion-pipe-easycontrol/tools/krea2_training_parity.py", line 168, in <module>
    main()
  File "/workspace/diffusion-pipe-easycontrol/tools/krea2_training_parity.py", line 127, in main
    (batched.float()-expected_velocity.float()).square().mean().backward()
  File "/venv/main/lib/python3.12/site-packages/torch/_tensor.py", line 623, in backward
    torch.autograd.backward(
  File "/venv/main/lib/python3.12/site-packages/torch/autograd/__init__.py", line 395, in backward
    _engine_run_backward(
  File "/venv/main/lib/python3.12/site-packages/torch/autograd/graph.py", line 1072, in _engine_run_backward
    return Variable._execution_engine.run_backward(  # Calls into the C++ engine to run the backward pass
           ^^^^^^^^^^^^^^^^^^^^^^^^^^^^^^^^^^^^^^^^^^^^^^^^^^^^^^^^^^^^^^^^^^^^^^^^^^^^^^^^^^^^^^^^^^^^^^
torch.OutOfMemoryError: CUDA out of memory. Tried to allocate 1.84 GiB. GPU 0 has a total capacity of 31.36 GiB of which 289.75 MiB is free. Including non-PyTorch memory, this process has 31.07 GiB memory in use. Of the allocated memory 25.40 GiB is allocated by PyTorch, and 5.05 GiB is reserved by PyTorch but unallocated. If reserved but unallocated memory is large try setting PYTORCH_CUDA_ALLOC_CONF=expandable_segments:True to avoid fragmentation.  See documentation for Memory Management  (https://docs.pytorch.org/docs/stable/notes/cuda.html#optimizing-memory-usage-with-pytorch-cuda-alloc-conf)
